app/api/chat/route.ts(85,23): error TS2551: Property 'toDataStreamResponse' does not exist on type 'StreamTextResult<ToolSet, Output<string, string, never>>'. Did you mean 'toTextStreamResponse'?
app/components/MedievalChat.tsx(4,25): error TS2307: Cannot find module 'ai/react' or its corresponding type declarations.
app/components/MedievalChat.tsx(25,22): error TS7006: Parameter 'response' implicitly has an 'any' type.
app/components/MedievalChat.tsx(31,19): error TS7006: Parameter 'error' implicitly has an 'any' type.
app/components/MedievalChat.tsx(141,32): error TS7006: Parameter 'msg' implicitly has an 'any' type.
app/lib/nemosine/test_openai_chat.ts(22,75): error TS2345: Argument of type '{ role: "user" | "assistant" | "system"; content: string; timestamp: number; visibility: VisibilityLevel; }[]' is not assignable to parameter of type 'string'.
